// Jest Snapshot v1, https://goo.gl/fbAQLP

exports[`App renders the routes in the App component 1`] = `
ShallowWrapper {
  Symbol(enzyme.__root__): [Circular],
  Symbol(enzyme.__unrendered__): <App />,
  Symbol(enzyme.__renderer__): Object {
    "batchedUpdates": [Function],
    "getNode": [Function],
    "render": [Function],
    "simulateError": [Function],
    "simulateEvent": [Function],
    "unmount": [Function],
  },
  Symbol(enzyme.__node__): Object {
    "instance": null,
    "key": undefined,
    "nodeType": "class",
    "props": Object {
      "children": <BrowserRouter>
        <div>
          <Connect(withRouter(Navbar)) />
          <Switch>
            <Route
              component={[Function]}
              exact={true}
              path="/"
            />
            <Route
              component={[Function]}
              exact={true}
              path="/register"
            />
            <Route
              component={[Function]}
              exact={true}
              path="/login"
            />
            <Connect(PrivateRoute)
              component={[Function]}
              exact={true}
              path="/requests"
            />
            <Connect(PrivateRoute)
              component={[Function]}
              exact={true}
              path="/new"
            />
            <Connect(PrivateRoute)
              component={[Function]}
              exact={true}
              path="/request/:requestId"
            />
            <Connect(PrivateRoute)
              component={[Function]}
              exact={true}
              path="/request/:requestId/edit"
            />
            <Route
              component={[Function]}
            />
          </Switch>
          <Footer />
        </div>
      </BrowserRouter>,
      "store": Object {
        "dispatch": [Function],
        "getState": [Function],
        "replaceReducer": [Function],
        "subscribe": [Function],
        Symbol(observable): [Function],
      },
    },
    "ref": null,
    "rendered": Object {
      "instance": null,
      "key": undefined,
      "nodeType": "class",
      "props": Object {
        "children": <div>
          <Connect(withRouter(Navbar)) />
          <Switch>
            <Route
              component={[Function]}
              exact={true}
              path="/"
            />
            <Route
              component={[Function]}
              exact={true}
              path="/register"
            />
            <Route
              component={[Function]}
              exact={true}
              path="/login"
            />
            <Connect(PrivateRoute)
              component={[Function]}
              exact={true}
              path="/requests"
            />
            <Connect(PrivateRoute)
              component={[Function]}
              exact={true}
              path="/new"
            />
            <Connect(PrivateRoute)
              component={[Function]}
              exact={true}
              path="/request/:requestId"
            />
            <Connect(PrivateRoute)
              component={[Function]}
              exact={true}
              path="/request/:requestId/edit"
            />
            <Route
              component={[Function]}
            />
          </Switch>
          <Footer />
        </div>,
      },
      "ref": null,
      "rendered": Object {
        "instance": null,
        "key": undefined,
        "nodeType": "host",
        "props": Object {
          "children": Array [
            <Connect(withRouter(Navbar)) />,
            <Switch>
              <Route
                component={[Function]}
                exact={true}
                path="/"
              />
              <Route
                component={[Function]}
                exact={true}
                path="/register"
              />
              <Route
                component={[Function]}
                exact={true}
                path="/login"
              />
              <Connect(PrivateRoute)
                component={[Function]}
                exact={true}
                path="/requests"
              />
              <Connect(PrivateRoute)
                component={[Function]}
                exact={true}
                path="/new"
              />
              <Connect(PrivateRoute)
                component={[Function]}
                exact={true}
                path="/request/:requestId"
              />
              <Connect(PrivateRoute)
                component={[Function]}
                exact={true}
                path="/request/:requestId/edit"
              />
              <Route
                component={[Function]}
              />
            </Switch>,
            <Footer />,
          ],
        },
        "ref": null,
        "rendered": Array [
          Object {
            "instance": null,
            "key": undefined,
            "nodeType": "class",
            "props": Object {},
            "ref": null,
            "rendered": null,
            "type": [Function],
          },
          Object {
            "instance": null,
            "key": undefined,
            "nodeType": "class",
            "props": Object {
              "children": Array [
                <Route
                  component={[Function]}
                  exact={true}
                  path="/"
                />,
                <Route
                  component={[Function]}
                  exact={true}
                  path="/register"
                />,
                <Route
                  component={[Function]}
                  exact={true}
                  path="/login"
                />,
                <Connect(PrivateRoute)
                  component={[Function]}
                  exact={true}
                  path="/requests"
                />,
                <Connect(PrivateRoute)
                  component={[Function]}
                  exact={true}
                  path="/new"
                />,
                <Connect(PrivateRoute)
                  component={[Function]}
                  exact={true}
                  path="/request/:requestId"
                />,
                <Connect(PrivateRoute)
                  component={[Function]}
                  exact={true}
                  path="/request/:requestId/edit"
                />,
                <Route
                  component={[Function]}
                />,
              ],
            },
            "ref": null,
            "rendered": Array [
              Object {
                "instance": null,
                "key": undefined,
                "nodeType": "class",
                "props": Object {
                  "component": [Function],
                  "exact": true,
                  "path": "/",
                },
                "ref": null,
                "rendered": null,
                "type": [Function],
              },
              Object {
                "instance": null,
                "key": undefined,
                "nodeType": "class",
                "props": Object {
                  "component": [Function],
                  "exact": true,
                  "path": "/register",
                },
                "ref": null,
                "rendered": null,
                "type": [Function],
              },
              Object {
                "instance": null,
                "key": undefined,
                "nodeType": "class",
                "props": Object {
                  "component": [Function],
                  "exact": true,
                  "path": "/login",
                },
                "ref": null,
                "rendered": null,
                "type": [Function],
              },
              Object {
                "instance": null,
                "key": undefined,
                "nodeType": "class",
                "props": Object {
                  "component": [Function],
                  "exact": true,
                  "path": "/requests",
                },
                "ref": null,
                "rendered": null,
                "type": [Function],
              },
              Object {
                "instance": null,
                "key": undefined,
                "nodeType": "class",
                "props": Object {
                  "component": [Function],
                  "exact": true,
                  "path": "/new",
                },
                "ref": null,
                "rendered": null,
                "type": [Function],
              },
              Object {
                "instance": null,
                "key": undefined,
                "nodeType": "class",
                "props": Object {
                  "component": [Function],
                  "exact": true,
                  "path": "/request/:requestId",
                },
                "ref": null,
                "rendered": null,
                "type": [Function],
              },
              Object {
                "instance": null,
                "key": undefined,
                "nodeType": "class",
                "props": Object {
                  "component": [Function],
                  "exact": true,
                  "path": "/request/:requestId/edit",
                },
                "ref": null,
                "rendered": null,
                "type": [Function],
              },
              Object {
                "instance": null,
                "key": undefined,
                "nodeType": "class",
                "props": Object {
                  "component": [Function],
                },
                "ref": null,
                "rendered": null,
                "type": [Function],
              },
            ],
            "type": [Function],
          },
          Object {
            "instance": null,
            "key": undefined,
            "nodeType": "class",
            "props": Object {},
            "ref": null,
            "rendered": null,
            "type": [Function],
          },
        ],
        "type": "div",
      },
      "type": [Function],
    },
    "type": [Function],
  },
  Symbol(enzyme.__nodes__): Array [
    Object {
      "instance": null,
      "key": undefined,
      "nodeType": "class",
      "props": Object {
        "children": <BrowserRouter>
          <div>
            <Connect(withRouter(Navbar)) />
            <Switch>
              <Route
                component={[Function]}
                exact={true}
                path="/"
              />
              <Route
                component={[Function]}
                exact={true}
                path="/register"
              />
              <Route
                component={[Function]}
                exact={true}
                path="/login"
              />
              <Connect(PrivateRoute)
                component={[Function]}
                exact={true}
                path="/requests"
              />
              <Connect(PrivateRoute)
                component={[Function]}
                exact={true}
                path="/new"
              />
              <Connect(PrivateRoute)
                component={[Function]}
                exact={true}
                path="/request/:requestId"
              />
              <Connect(PrivateRoute)
                component={[Function]}
                exact={true}
                path="/request/:requestId/edit"
              />
              <Route
                component={[Function]}
              />
            </Switch>
            <Footer />
          </div>
        </BrowserRouter>,
        "store": Object {
          "dispatch": [Function],
          "getState": [Function],
          "replaceReducer": [Function],
          "subscribe": [Function],
          Symbol(observable): [Function],
        },
      },
      "ref": null,
      "rendered": Object {
        "instance": null,
        "key": undefined,
        "nodeType": "class",
        "props": Object {
          "children": <div>
            <Connect(withRouter(Navbar)) />
            <Switch>
              <Route
                component={[Function]}
                exact={true}
                path="/"
              />
              <Route
                component={[Function]}
                exact={true}
                path="/register"
              />
              <Route
                component={[Function]}
                exact={true}
                path="/login"
              />
              <Connect(PrivateRoute)
                component={[Function]}
                exact={true}
                path="/requests"
              />
              <Connect(PrivateRoute)
                component={[Function]}
                exact={true}
                path="/new"
              />
              <Connect(PrivateRoute)
                component={[Function]}
                exact={true}
                path="/request/:requestId"
              />
              <Connect(PrivateRoute)
                component={[Function]}
                exact={true}
                path="/request/:requestId/edit"
              />
              <Route
                component={[Function]}
              />
            </Switch>
            <Footer />
          </div>,
        },
        "ref": null,
        "rendered": Object {
          "instance": null,
          "key": undefined,
          "nodeType": "host",
          "props": Object {
            "children": Array [
              <Connect(withRouter(Navbar)) />,
              <Switch>
                <Route
                  component={[Function]}
                  exact={true}
                  path="/"
                />
                <Route
                  component={[Function]}
                  exact={true}
                  path="/register"
                />
                <Route
                  component={[Function]}
                  exact={true}
                  path="/login"
                />
                <Connect(PrivateRoute)
                  component={[Function]}
                  exact={true}
                  path="/requests"
                />
                <Connect(PrivateRoute)
                  component={[Function]}
                  exact={true}
                  path="/new"
                />
                <Connect(PrivateRoute)
                  component={[Function]}
                  exact={true}
                  path="/request/:requestId"
                />
                <Connect(PrivateRoute)
                  component={[Function]}
                  exact={true}
                  path="/request/:requestId/edit"
                />
                <Route
                  component={[Function]}
                />
              </Switch>,
              <Footer />,
            ],
          },
          "ref": null,
          "rendered": Array [
            Object {
              "instance": null,
              "key": undefined,
              "nodeType": "class",
              "props": Object {},
              "ref": null,
              "rendered": null,
              "type": [Function],
            },
            Object {
              "instance": null,
              "key": undefined,
              "nodeType": "class",
              "props": Object {
                "children": Array [
                  <Route
                    component={[Function]}
                    exact={true}
                    path="/"
                  />,
                  <Route
                    component={[Function]}
                    exact={true}
                    path="/register"
                  />,
                  <Route
                    component={[Function]}
                    exact={true}
                    path="/login"
                  />,
                  <Connect(PrivateRoute)
                    component={[Function]}
                    exact={true}
                    path="/requests"
                  />,
                  <Connect(PrivateRoute)
                    component={[Function]}
                    exact={true}
                    path="/new"
                  />,
                  <Connect(PrivateRoute)
                    component={[Function]}
                    exact={true}
                    path="/request/:requestId"
                  />,
                  <Connect(PrivateRoute)
                    component={[Function]}
                    exact={true}
                    path="/request/:requestId/edit"
                  />,
                  <Route
                    component={[Function]}
                  />,
                ],
              },
              "ref": null,
              "rendered": Array [
                Object {
                  "instance": null,
                  "key": undefined,
                  "nodeType": "class",
                  "props": Object {
                    "component": [Function],
                    "exact": true,
                    "path": "/",
                  },
                  "ref": null,
                  "rendered": null,
                  "type": [Function],
                },
                Object {
                  "instance": null,
                  "key": undefined,
                  "nodeType": "class",
                  "props": Object {
                    "component": [Function],
                    "exact": true,
                    "path": "/register",
                  },
                  "ref": null,
                  "rendered": null,
                  "type": [Function],
                },
                Object {
                  "instance": null,
                  "key": undefined,
                  "nodeType": "class",
                  "props": Object {
                    "component": [Function],
                    "exact": true,
                    "path": "/login",
                  },
                  "ref": null,
                  "rendered": null,
                  "type": [Function],
                },
                Object {
                  "instance": null,
                  "key": undefined,
                  "nodeType": "class",
                  "props": Object {
                    "component": [Function],
                    "exact": true,
                    "path": "/requests",
                  },
                  "ref": null,
                  "rendered": null,
                  "type": [Function],
                },
                Object {
                  "instance": null,
                  "key": undefined,
                  "nodeType": "class",
                  "props": Object {
                    "component": [Function],
                    "exact": true,
                    "path": "/new",
                  },
                  "ref": null,
                  "rendered": null,
                  "type": [Function],
                },
                Object {
                  "instance": null,
                  "key": undefined,
                  "nodeType": "class",
                  "props": Object {
                    "component": [Function],
                    "exact": true,
                    "path": "/request/:requestId",
                  },
                  "ref": null,
                  "rendered": null,
                  "type": [Function],
                },
                Object {
                  "instance": null,
                  "key": undefined,
                  "nodeType": "class",
                  "props": Object {
                    "component": [Function],
                    "exact": true,
                    "path": "/request/:requestId/edit",
                  },
                  "ref": null,
                  "rendered": null,
                  "type": [Function],
                },
                Object {
                  "instance": null,
                  "key": undefined,
                  "nodeType": "class",
                  "props": Object {
                    "component": [Function],
                  },
                  "ref": null,
                  "rendered": null,
                  "type": [Function],
                },
              ],
              "type": [Function],
            },
            Object {
              "instance": null,
              "key": undefined,
              "nodeType": "class",
              "props": Object {},
              "ref": null,
              "rendered": null,
              "type": [Function],
            },
          ],
          "type": "div",
        },
        "type": [Function],
      },
      "type": [Function],
    },
  ],
  Symbol(enzyme.__options__): Object {
    "adapter": ReactSixteenAdapter {
      "options": Object {
        "enableComponentDidUpdateOnSetState": true,
        "lifecycles": Object {
          "componentDidUpdate": Object {
            "onSetState": true,
          },
          "getDerivedStateFromProps": true,
          "getSnapshotBeforeUpdate": true,
          "setState": Object {
            "skipsComponentDidUpdateOnNullish": true,
          },
        },
      },
    },
    "attachTo": undefined,
    "hydrateIn": undefined,
  },
}
`;
