// Jest Snapshot v1, https://goo.gl/fbAQLP

exports[`Signup component renders the signup component 1`] = `
ShallowWrapper {
  Symbol(enzyme.__root__): [Circular],
  Symbol(enzyme.__unrendered__): <SignUp
    action={
      Object {
        "registerUser": [MockFunction],
      }
    }
    auth={
      Object {
        "isAuthenticated": true,
      }
    }
    errors={Object {}}
    history={
      Object {
        "push": [MockFunction] {
          "calls": Array [
            Array [
              "/requests",
            ],
          ],
          "results": Array [
            Object {
              "isThrow": false,
              "value": undefined,
            },
          ],
        },
      }
    }
  />,
  Symbol(enzyme.__renderer__): Object {
    "batchedUpdates": [Function],
    "getNode": [Function],
    "render": [Function],
    "simulateError": [Function],
    "simulateEvent": [Function],
    "unmount": [Function],
  },
  Symbol(enzyme.__node__): Object {
    "instance": null,
    "key": undefined,
    "nodeType": "host",
    "props": Object {
      "children": <div
        className="card"
      >
        <form
          className="auth-form"
          onSubmit={[Function]}
        >
          <div
            className="centre-div"
          >
            <h2>
               Sign up 
            </h2>
            <p>
              Please fill out every field
            </p>
          </div>
          <input
            className="input-class"
            id="firstName"
            name="firstName"
            onChange={[Function]}
            placeholder="First name"
            type="text"
            value=""
          />
          
          <input
            className="input-class"
            id="lastName"
            name="lastName"
            onChange={[Function]}
            placeholder="Last name"
            type="text"
            value=""
          />
          
          <input
            className="input-class"
            id="email"
            name="email"
            onChange={[Function]}
            placeholder="Email"
            type="text"
            value=""
          />
          
          <input
            className="input-class"
            id="password"
            name="password"
            onChange={[Function]}
            placeholder="Password"
            type="password"
            value=""
          />
          
          <input
            id="register"
            type="submit"
            value="Register"
          />
        </form>
        <div
          className="centre-div"
        >
          <p>
            Already Registered ?
          </p>
          <Link
            className="links"
            replace={false}
            to="/login"
          >
             Login 
          </Link>
        </div>
      </div>,
      "className": "signUp",
    },
    "ref": null,
    "rendered": Object {
      "instance": null,
      "key": undefined,
      "nodeType": "host",
      "props": Object {
        "children": Array [
          <form
            className="auth-form"
            onSubmit={[Function]}
          >
            <div
              className="centre-div"
            >
              <h2>
                 Sign up 
              </h2>
              <p>
                Please fill out every field
              </p>
            </div>
            <input
              className="input-class"
              id="firstName"
              name="firstName"
              onChange={[Function]}
              placeholder="First name"
              type="text"
              value=""
            />
            
            <input
              className="input-class"
              id="lastName"
              name="lastName"
              onChange={[Function]}
              placeholder="Last name"
              type="text"
              value=""
            />
            
            <input
              className="input-class"
              id="email"
              name="email"
              onChange={[Function]}
              placeholder="Email"
              type="text"
              value=""
            />
            
            <input
              className="input-class"
              id="password"
              name="password"
              onChange={[Function]}
              placeholder="Password"
              type="password"
              value=""
            />
            
            <input
              id="register"
              type="submit"
              value="Register"
            />
          </form>,
          <div
            className="centre-div"
          >
            <p>
              Already Registered ?
            </p>
            <Link
              className="links"
              replace={false}
              to="/login"
            >
               Login 
            </Link>
          </div>,
        ],
        "className": "card",
      },
      "ref": null,
      "rendered": Array [
        Object {
          "instance": null,
          "key": undefined,
          "nodeType": "host",
          "props": Object {
            "children": Array [
              <div
                className="centre-div"
              >
                <h2>
                   Sign up 
                </h2>
                <p>
                  Please fill out every field
                </p>
              </div>,
              <input
                className="input-class"
                id="firstName"
                name="firstName"
                onChange={[Function]}
                placeholder="First name"
                type="text"
                value=""
              />,
              "",
              <input
                className="input-class"
                id="lastName"
                name="lastName"
                onChange={[Function]}
                placeholder="Last name"
                type="text"
                value=""
              />,
              "",
              <input
                className="input-class"
                id="email"
                name="email"
                onChange={[Function]}
                placeholder="Email"
                type="text"
                value=""
              />,
              "",
              <input
                className="input-class"
                id="password"
                name="password"
                onChange={[Function]}
                placeholder="Password"
                type="password"
                value=""
              />,
              "",
              <input
                id="register"
                type="submit"
                value="Register"
              />,
            ],
            "className": "auth-form",
            "onSubmit": [Function],
          },
          "ref": null,
          "rendered": Array [
            Object {
              "instance": null,
              "key": undefined,
              "nodeType": "host",
              "props": Object {
                "children": Array [
                  <h2>
                     Sign up 
                  </h2>,
                  <p>
                    Please fill out every field
                  </p>,
                ],
                "className": "centre-div",
              },
              "ref": null,
              "rendered": Array [
                Object {
                  "instance": null,
                  "key": undefined,
                  "nodeType": "host",
                  "props": Object {
                    "children": " Sign up ",
                  },
                  "ref": null,
                  "rendered": " Sign up ",
                  "type": "h2",
                },
                Object {
                  "instance": null,
                  "key": undefined,
                  "nodeType": "host",
                  "props": Object {
                    "children": "Please fill out every field",
                  },
                  "ref": null,
                  "rendered": "Please fill out every field",
                  "type": "p",
                },
              ],
              "type": "div",
            },
            Object {
              "instance": null,
              "key": undefined,
              "nodeType": "host",
              "props": Object {
                "className": "input-class",
                "id": "firstName",
                "name": "firstName",
                "onChange": [Function],
                "placeholder": "First name",
                "type": "text",
                "value": "",
              },
              "ref": null,
              "rendered": null,
              "type": "input",
            },
            "",
            Object {
              "instance": null,
              "key": undefined,
              "nodeType": "host",
              "props": Object {
                "className": "input-class",
                "id": "lastName",
                "name": "lastName",
                "onChange": [Function],
                "placeholder": "Last name",
                "type": "text",
                "value": "",
              },
              "ref": null,
              "rendered": null,
              "type": "input",
            },
            "",
            Object {
              "instance": null,
              "key": undefined,
              "nodeType": "host",
              "props": Object {
                "className": "input-class",
                "id": "email",
                "name": "email",
                "onChange": [Function],
                "placeholder": "Email",
                "type": "text",
                "value": "",
              },
              "ref": null,
              "rendered": null,
              "type": "input",
            },
            "",
            Object {
              "instance": null,
              "key": undefined,
              "nodeType": "host",
              "props": Object {
                "className": "input-class",
                "id": "password",
                "name": "password",
                "onChange": [Function],
                "placeholder": "Password",
                "type": "password",
                "value": "",
              },
              "ref": null,
              "rendered": null,
              "type": "input",
            },
            "",
            Object {
              "instance": null,
              "key": undefined,
              "nodeType": "host",
              "props": Object {
                "id": "register",
                "type": "submit",
                "value": "Register",
              },
              "ref": null,
              "rendered": null,
              "type": "input",
            },
          ],
          "type": "form",
        },
        Object {
          "instance": null,
          "key": undefined,
          "nodeType": "host",
          "props": Object {
            "children": Array [
              <p>
                Already Registered ?
              </p>,
              <Link
                className="links"
                replace={false}
                to="/login"
              >
                 Login 
              </Link>,
            ],
            "className": "centre-div",
          },
          "ref": null,
          "rendered": Array [
            Object {
              "instance": null,
              "key": undefined,
              "nodeType": "host",
              "props": Object {
                "children": "Already Registered ?",
              },
              "ref": null,
              "rendered": "Already Registered ?",
              "type": "p",
            },
            Object {
              "instance": null,
              "key": undefined,
              "nodeType": "class",
              "props": Object {
                "children": " Login ",
                "className": "links",
                "replace": false,
                "to": "/login",
              },
              "ref": null,
              "rendered": " Login ",
              "type": [Function],
            },
          ],
          "type": "div",
        },
      ],
      "type": "div",
    },
    "type": "div",
  },
  Symbol(enzyme.__nodes__): Array [
    Object {
      "instance": null,
      "key": undefined,
      "nodeType": "host",
      "props": Object {
        "children": <div
          className="card"
        >
          <form
            className="auth-form"
            onSubmit={[Function]}
          >
            <div
              className="centre-div"
            >
              <h2>
                 Sign up 
              </h2>
              <p>
                Please fill out every field
              </p>
            </div>
            <input
              className="input-class"
              id="firstName"
              name="firstName"
              onChange={[Function]}
              placeholder="First name"
              type="text"
              value=""
            />
            
            <input
              className="input-class"
              id="lastName"
              name="lastName"
              onChange={[Function]}
              placeholder="Last name"
              type="text"
              value=""
            />
            
            <input
              className="input-class"
              id="email"
              name="email"
              onChange={[Function]}
              placeholder="Email"
              type="text"
              value=""
            />
            
            <input
              className="input-class"
              id="password"
              name="password"
              onChange={[Function]}
              placeholder="Password"
              type="password"
              value=""
            />
            
            <input
              id="register"
              type="submit"
              value="Register"
            />
          </form>
          <div
            className="centre-div"
          >
            <p>
              Already Registered ?
            </p>
            <Link
              className="links"
              replace={false}
              to="/login"
            >
               Login 
            </Link>
          </div>
        </div>,
        "className": "signUp",
      },
      "ref": null,
      "rendered": Object {
        "instance": null,
        "key": undefined,
        "nodeType": "host",
        "props": Object {
          "children": Array [
            <form
              className="auth-form"
              onSubmit={[Function]}
            >
              <div
                className="centre-div"
              >
                <h2>
                   Sign up 
                </h2>
                <p>
                  Please fill out every field
                </p>
              </div>
              <input
                className="input-class"
                id="firstName"
                name="firstName"
                onChange={[Function]}
                placeholder="First name"
                type="text"
                value=""
              />
              
              <input
                className="input-class"
                id="lastName"
                name="lastName"
                onChange={[Function]}
                placeholder="Last name"
                type="text"
                value=""
              />
              
              <input
                className="input-class"
                id="email"
                name="email"
                onChange={[Function]}
                placeholder="Email"
                type="text"
                value=""
              />
              
              <input
                className="input-class"
                id="password"
                name="password"
                onChange={[Function]}
                placeholder="Password"
                type="password"
                value=""
              />
              
              <input
                id="register"
                type="submit"
                value="Register"
              />
            </form>,
            <div
              className="centre-div"
            >
              <p>
                Already Registered ?
              </p>
              <Link
                className="links"
                replace={false}
                to="/login"
              >
                 Login 
              </Link>
            </div>,
          ],
          "className": "card",
        },
        "ref": null,
        "rendered": Array [
          Object {
            "instance": null,
            "key": undefined,
            "nodeType": "host",
            "props": Object {
              "children": Array [
                <div
                  className="centre-div"
                >
                  <h2>
                     Sign up 
                  </h2>
                  <p>
                    Please fill out every field
                  </p>
                </div>,
                <input
                  className="input-class"
                  id="firstName"
                  name="firstName"
                  onChange={[Function]}
                  placeholder="First name"
                  type="text"
                  value=""
                />,
                "",
                <input
                  className="input-class"
                  id="lastName"
                  name="lastName"
                  onChange={[Function]}
                  placeholder="Last name"
                  type="text"
                  value=""
                />,
                "",
                <input
                  className="input-class"
                  id="email"
                  name="email"
                  onChange={[Function]}
                  placeholder="Email"
                  type="text"
                  value=""
                />,
                "",
                <input
                  className="input-class"
                  id="password"
                  name="password"
                  onChange={[Function]}
                  placeholder="Password"
                  type="password"
                  value=""
                />,
                "",
                <input
                  id="register"
                  type="submit"
                  value="Register"
                />,
              ],
              "className": "auth-form",
              "onSubmit": [Function],
            },
            "ref": null,
            "rendered": Array [
              Object {
                "instance": null,
                "key": undefined,
                "nodeType": "host",
                "props": Object {
                  "children": Array [
                    <h2>
                       Sign up 
                    </h2>,
                    <p>
                      Please fill out every field
                    </p>,
                  ],
                  "className": "centre-div",
                },
                "ref": null,
                "rendered": Array [
                  Object {
                    "instance": null,
                    "key": undefined,
                    "nodeType": "host",
                    "props": Object {
                      "children": " Sign up ",
                    },
                    "ref": null,
                    "rendered": " Sign up ",
                    "type": "h2",
                  },
                  Object {
                    "instance": null,
                    "key": undefined,
                    "nodeType": "host",
                    "props": Object {
                      "children": "Please fill out every field",
                    },
                    "ref": null,
                    "rendered": "Please fill out every field",
                    "type": "p",
                  },
                ],
                "type": "div",
              },
              Object {
                "instance": null,
                "key": undefined,
                "nodeType": "host",
                "props": Object {
                  "className": "input-class",
                  "id": "firstName",
                  "name": "firstName",
                  "onChange": [Function],
                  "placeholder": "First name",
                  "type": "text",
                  "value": "",
                },
                "ref": null,
                "rendered": null,
                "type": "input",
              },
              "",
              Object {
                "instance": null,
                "key": undefined,
                "nodeType": "host",
                "props": Object {
                  "className": "input-class",
                  "id": "lastName",
                  "name": "lastName",
                  "onChange": [Function],
                  "placeholder": "Last name",
                  "type": "text",
                  "value": "",
                },
                "ref": null,
                "rendered": null,
                "type": "input",
              },
              "",
              Object {
                "instance": null,
                "key": undefined,
                "nodeType": "host",
                "props": Object {
                  "className": "input-class",
                  "id": "email",
                  "name": "email",
                  "onChange": [Function],
                  "placeholder": "Email",
                  "type": "text",
                  "value": "",
                },
                "ref": null,
                "rendered": null,
                "type": "input",
              },
              "",
              Object {
                "instance": null,
                "key": undefined,
                "nodeType": "host",
                "props": Object {
                  "className": "input-class",
                  "id": "password",
                  "name": "password",
                  "onChange": [Function],
                  "placeholder": "Password",
                  "type": "password",
                  "value": "",
                },
                "ref": null,
                "rendered": null,
                "type": "input",
              },
              "",
              Object {
                "instance": null,
                "key": undefined,
                "nodeType": "host",
                "props": Object {
                  "id": "register",
                  "type": "submit",
                  "value": "Register",
                },
                "ref": null,
                "rendered": null,
                "type": "input",
              },
            ],
            "type": "form",
          },
          Object {
            "instance": null,
            "key": undefined,
            "nodeType": "host",
            "props": Object {
              "children": Array [
                <p>
                  Already Registered ?
                </p>,
                <Link
                  className="links"
                  replace={false}
                  to="/login"
                >
                   Login 
                </Link>,
              ],
              "className": "centre-div",
            },
            "ref": null,
            "rendered": Array [
              Object {
                "instance": null,
                "key": undefined,
                "nodeType": "host",
                "props": Object {
                  "children": "Already Registered ?",
                },
                "ref": null,
                "rendered": "Already Registered ?",
                "type": "p",
              },
              Object {
                "instance": null,
                "key": undefined,
                "nodeType": "class",
                "props": Object {
                  "children": " Login ",
                  "className": "links",
                  "replace": false,
                  "to": "/login",
                },
                "ref": null,
                "rendered": " Login ",
                "type": [Function],
              },
            ],
            "type": "div",
          },
        ],
        "type": "div",
      },
      "type": "div",
    },
  ],
  Symbol(enzyme.__options__): Object {
    "adapter": ReactSixteenAdapter {
      "options": Object {
        "enableComponentDidUpdateOnSetState": true,
        "lifecycles": Object {
          "componentDidUpdate": Object {
            "onSetState": true,
          },
          "getDerivedStateFromProps": true,
          "getSnapshotBeforeUpdate": true,
          "setState": Object {
            "skipsComponentDidUpdateOnNullish": true,
          },
        },
      },
    },
    "attachTo": undefined,
    "hydrateIn": undefined,
  },
}
`;
